../W6100Lib/Src/dhcpv4.c:257:6:default_ipv4_assign	8	static
../W6100Lib/Src/dhcpv4.c:265:6:default_ipv4_update	8	static
../W6100Lib/Src/dhcpv4.c:275:6:default_ipv4_conflict	8	static
../W6100Lib/Src/dhcpv4.c:284:6:reg_dhcpv4_cbfunc	24	static
../W6100Lib/Src/dhcpv4.c:295:6:makeDHCPV4MSG	24	static
../W6100Lib/Src/dhcpv4.c:354:6:send_DHCPv4_DISCOVER	32	static
../W6100Lib/Src/dhcpv4.c:427:6:send_DHCPv4_REQUEST	40	static
../W6100Lib/Src/dhcpv4.c:526:6:send_DHCPv4_DECLINE	32	static
../W6100Lib/Src/dhcpv4.c:586:8:parseDHCPv4MSG	48	static
../W6100Lib/Src/dhcpv4.c:708:9:DHCPv4_run	16	static
../W6100Lib/Src/dhcpv4.c:839:9:DHCPv4_stop	8	static
../W6100Lib/Src/dhcpv4.c:845:9:check_DHCPv4_timeout	16	static
../W6100Lib/Src/dhcpv4.c:898:8:check_DHCPv4_leasedIP	24	static
../W6100Lib/Src/dhcpv4.c:933:6:DHCPv4_init	24	static
../W6100Lib/Src/dhcpv4.c:963:6:reset_DHCPv4_timeout	4	static
../W6100Lib/Src/dhcpv4.c:970:6:DHCPv4_time_handler	4	static
../W6100Lib/Src/dhcpv4.c:975:6:getIPfromDHCPv4	16	static
../W6100Lib/Src/dhcpv4.c:983:6:getGWfromDHCPv4	16	static
../W6100Lib/Src/dhcpv4.c:991:6:getSNfromDHCPv4	16	static
../W6100Lib/Src/dhcpv4.c:999:6:getDNSfromDHCPv4	16	static
../W6100Lib/Src/dhcpv4.c:1007:10:getDHCPv4Leasetime	4	static
../W6100Lib/Src/dhcpv4.c:1012:6:NibbleToHex	16	static
