../W6100Lib/Src/httpClient.c:65:9:httpc_init	32	static
../W6100Lib/Src/httpClient.c:110:9:httpc_connection_handler	24	static
../W6100Lib/Src/httpClient.c:195:9:httpc_connect	24	static
../W6100Lib/Src/httpClient.c:212:10:httpc_add_customHeader_field	48	static
../W6100Lib/Src/httpClient.c:231:10:httpc_send_header	24	static
../W6100Lib/Src/httpClient.c:294:10:httpc_send_body	24	static
../W6100Lib/Src/httpClient.c:323:10:httpc_recv	24	static
../W6100Lib/Src/httpClient.c:341:9:httpc_disconnect	16	static
../W6100Lib/Src/httpClient.c:364:10:get_httpc_any_port	8	static
../W6100Lib/Src/httpClient.c:466:6:HTTPClient_Handler	16	static
../W6100Lib/Src/httpClient.c:538:6:xPROT_HTTPC_MakeHeader	56	static
../W6100Lib/Src/httpClient.c:557:10:xPROT_HTTPC_CheckRecv	32	static
../W6100Lib/Src/httpClient.c:680:10:xPROT_HTTPC_PostDevice	72	static
../W6100Lib/Src/httpClient.c:790:6:xPROT_CDATA_MakeTable	56	static
../W6100Lib/Src/httpClient.c:807:10:xGET_RequestHeader	96	static
../W6100Lib/Src/httpClient.c:820:10:xGET_RequestBody	16	static
../W6100Lib/Src/httpClient.c:827:10:xGET_CdataConnectionHeader	104	static
../W6100Lib/Src/httpClient.c:838:10:xGET_CdataConnectionBody	16	static
../W6100Lib/Src/httpClient.c:845:10:xGET_PingHeader	88	static
../W6100Lib/Src/httpClient.c:856:10:xGET_PingBody	16	static
../W6100Lib/Src/httpClient.c:863:10:xGET_FwUpgradeHeader	96	static
../W6100Lib/Src/httpClient.c:876:10:xGET_FwUpgradeBody	32	static
../W6100Lib/Src/httpClient.c:892:10:xHTTP_CmdReturnHeader	88	static
../W6100Lib/Src/httpClient.c:906:10:xHTTP_CmdReturnBody	32	static
../W6100Lib/Src/httpClient.c:916:10:xPOST_PushHeader	88	static
../W6100Lib/Src/httpClient.c:927:10:xPOST_PushBody	16	static
../W6100Lib/Src/httpClient.c:934:10:xPOST_ExchangePublicKeyHeader	88	static
../W6100Lib/Src/httpClient.c:946:10:xPOST_ExchangePublicKeyBody	40	static
../W6100Lib/Src/httpClient.c:959:10:xPOST_ExchangeFactorsHeader	88	static
../W6100Lib/Src/httpClient.c:974:10:xPOST_RtLogTableHeader	104	static
../W6100Lib/Src/httpClient.c:985:10:xPOST_RtLogTableBody	128	static
../W6100Lib/Src/httpClient.c:1021:10:xPOST_CdataTableHeader	104	static
../W6100Lib/Src/httpClient.c:1032:10:xPOST_CdataTableBody	16	static
../W6100Lib/Src/httpClient.c:1039:10:xPOST_ExchangeFactorsBody	40	static
../W6100Lib/Src/httpClient.c:1053:10:xPOST_RegistryHeader	88	static
../W6100Lib/Src/httpClient.c:1064:10:xPOST_RegistryBody	104	static
../W6100Lib/Src/httpClient.c:1146:6:SET_NewTimeByHTTPC	16	static
../W6100Lib/Src/httpClient.c:1152:6:SET_HTTPC_HeartType	16	static
../W6100Lib/Src/httpClient.c:1158:9:GET_HTTPC_HeartType	4	static
../W6100Lib/Src/httpClient.c:1163:11:httpc_getCookie	80	static
../W6100Lib/Src/httpClient.c:1179:11:httpc_getSerial	16	static
../W6100Lib/Src/httpClient.c:1197:6:HTTP_MakeHttpPacketRtLog	32	static
../W6100Lib/Src/httpClient.c:1302:6:HTTP_TestHttpPacketRtLog	4	static
