../User/Src/EthernetDriver.c:41:9:EthernetSocketOpen	16	static
../User/Src/EthernetDriver.c:49:9:EthernetSocketClose	16	static
../User/Src/EthernetDriver.c:57:9:EthernetSocketConnect	24	static
../User/Src/EthernetDriver.c:78:9:EthernetSocketDisconnect	16	static
../User/Src/EthernetDriver.c:86:9:EthernetSocketListen	16	static
../User/Src/EthernetDriver.c:94:9:EthernetNetworkSetting	8	static
../User/Src/EthernetDriver.c:103:6:Ethernet_Write_Data	32	static
../User/Src/EthernetDriver.c:127:6:Ethernet_Read_Data	32	static
../User/Src/EthernetDriver.c:151:10:EthernetSendPacketTo	40	static
../User/Src/EthernetDriver.c:173:9:EthernetLinkCheck	16	static
../User/Src/EthernetDriver.c:186:9:EthernetRJ45Check	16	static
../User/Src/EthernetDriver.c:199:10:TA_ServerSocket_Handling	40	static
../User/Src/EthernetDriver.c:291:10:TA_ClientSocket_Handling	40	static
../User/Src/EthernetDriver.c:393:9:WriteMacAddress	24	static
../User/Src/EthernetDriver.c:403:9:ReadMacAddress	16	static
../User/Src/EthernetDriver.c:421:9:WriteHttpIPToEeprom	24	static
../User/Src/EthernetDriver.c:438:9:WriteHttpPortToEeprom	24	static
../User/Src/EthernetDriver.c:454:9:WriteIPToEeprom	24	static
../User/Src/EthernetDriver.c:470:9:WriteSnToEeprom	24	static
../User/Src/EthernetDriver.c:480:9:WriteGwToEeprom	24	static
../User/Src/EthernetDriver.c:490:9:EthernetReset_W6100	4	static
../User/Src/EthernetDriver.c:529:6:EthernetSetNetwork	8	static
