../User/Src/FacAutoTest.c:29:8:AteAppCommandProcess	8	static
../User/Src/FacAutoTest.c:75:9:funcHexChar2Byte	24	static
../User/Src/FacAutoTest.c:84:9:IsChecksumOk	4	static
../User/Src/FacAutoTest.c:89:6:AteTreatFirmware	32	static
../User/Src/FacAutoTest.c:113:6:AteTreatHardware	16	static
../User/Src/FacAutoTest.c:130:6:AteTreatMemoryType	24	static
../User/Src/FacAutoTest.c:161:6:AteTreatTerminalType	16	static
../User/Src/FacAutoTest.c:191:6:AteTreatParameter	40	static
../User/Src/FacAutoTest.c:228:6:AteTreatPanelType	16	static
../User/Src/FacAutoTest.c:248:6:AteTreatCommType	16	static
../User/Src/FacAutoTest.c:274:6:AteTreatErrorType	24	static
../User/Src/FacAutoTest.c:290:6:RequestOsSendTx3Data	8	static
../User/Src/FacAutoTest.c:298:6:FAC_Test_Eeprom	16	static
../User/Src/FacAutoTest.c:332:6:FAC_Test_sFlash	16	static
../User/Src/FacAutoTest.c:366:6:ATE_Test_AddAuth	272	static
../User/Src/FacAutoTest.c:401:6:ATE_Test_ID	24	static
../User/Src/FacAutoTest.c:427:6:ATE_Test_DoorSync	272	static
../User/Src/FacAutoTest.c:488:6:ATE_Test_VixpassSchedule	264	static
../User/Src/FacAutoTest.c:504:6:ATE_Test_SetTime	264	static
