../Drivers/CMSIS/Include/core_cm4.h:1933:34:__NVIC_SystemReset	4	static,ignoring_inline_asm
../User/Src/Firmware.c:39:6:SerialProcInit	16	static
../User/Src/Firmware.c:91:6:FW_SetReceivedFwd2Buffer	16	static
../User/Src/Firmware.c:115:9:SerialCommandProcess	16	static
../User/Src/Firmware.c:319:6:FirmwareTreatSetipPacket	16	static
../User/Src/Firmware.c:346:6:FirmwareTreatGetipPacket	16	static
../User/Src/Firmware.c:391:6:FirmwareTreatSetHttpipPacket	16	static
../User/Src/Firmware.c:407:6:FirmwareTreatNetModePacket	16	static
../User/Src/Firmware.c:433:6:FirmwareTreatGetHttpipPacket	16	static
../User/Src/Firmware.c:459:6:AteTreatFactory	16	static
../User/Src/Firmware.c:485:6:AteTreatSetReaderMode	16	static
../User/Src/Firmware.c:493:6:AteTreatSetFire	16	static
../User/Src/Firmware.c:514:6:AteTreatCancelFire	16	static
../User/Src/Firmware.c:540:6:AteTreatSetCardMode	16	static
../User/Src/Firmware.c:560:6:MakeReaderToReportCard	24	static
../User/Src/Firmware.c:582:6:AteTreatSetPsnType	16	static
../User/Src/Firmware.c:602:6:AteTreatSetTimeType	16	static
../User/Src/Firmware.c:634:6:AteTreatSreadType	32	static
../User/Src/Firmware.c:680:6:AteTreatSclearType	24	static
../User/Src/Firmware.c:701:6:AteTreatGetVersion	144	static
../User/Src/Firmware.c:724:6:AteTreatSwriteType	24	static
../User/Src/Firmware.c:774:6:AteTreatReadEepromType	24	static
../User/Src/Firmware.c:822:6:AteTreatWriteEepromType	24	static
../User/Src/Firmware.c:865:6:PrepareUpdatesFlash	16	static
../User/Src/Firmware.c:885:6:PreparesFlash4Write	16	static
../User/Src/Firmware.c:902:6:WriteNewData2Bak	280	static
../User/Src/Firmware.c:935:9:FirmwareWriteDataOne	16	static
../User/Src/Firmware.c:941:9:FirmwareTreatStartPacket	16	static
../User/Src/Firmware.c:954:9:FirmwareTreatHeaderPacket	16	static
../User/Src/Firmware.c:977:9:FirmwareTreatDataPacket	16	static
../User/Src/Firmware.c:1008:9:FirmwareTreatUploadPacket	16	static
../User/Src/Firmware.c:1056:9:FirmwareTreatTailPacket	16	static
../User/Src/Firmware.c:1084:9:FirmwareTreatEndPacket	16	static
../User/Src/Firmware.c:1097:9:FirmwareRequestSendData	16	static
../User/Src/Firmware.c:1114:6:ReadGlobalUpgradeInfo	16	static
../User/Src/Firmware.c:1129:6:WriteGlobalUpgradeInfo	8	static
../User/Src/Firmware.c:1138:9:ChecksFlashFlagOk	24	static
../User/Src/Firmware.c:1162:9:ReadChecksumAndLen	24	static
../User/Src/Firmware.c:1193:6:WriteUpdateInfoFlag	24	static
