../User/Src/InTask.c:29:6:InputInit	8	static
../User/Src/InTask.c:59:6:InProcess	8	static
../User/Src/InTask.c:119:6:INT_TIM2HandlerProc	8	static
../User/Src/InTask.c:131:6:CountLockTimerEach1Sec	16	static
../User/Src/InTask.c:142:6:CheckDoorOpenedTooLongEach1Sec	16	static
../User/Src/InTask.c:173:6:ReleaseLockSelectDoor	24	static
../User/Src/InTask.c:196:6:ControlDoor	16	static
../User/Src/InTask.c:208:6:ChangeLockMode	16	static
../User/Src/InTask.c:237:6:DoorTimerProcess	40	static
../User/Src/InTask.c:296:6:ExecuteLockOnOff	16	static
../User/Src/InTask.c:356:6:CheckSensor	16	static
../User/Src/InTask.c:405:6:SensorScan	56	static
../User/Src/InTask.c:464:6:CheckButton	16	static
../User/Src/InTask.c:473:6:ButtonScan	56	static
../User/Src/InTask.c:576:6:CheckFireAlert	16	static
../User/Src/InTask.c:669:6:CheckTamper	16	static
../User/Src/InTask.c:739:6:TestLockOut	16	static
../User/Src/InTask.c:755:6:SetLockOnOff	64	static
../User/Src/InTask.c:776:6:SaveDateTime	16	static
../User/Src/InTask.c:806:6:ScheduleInitial	8	static
../User/Src/InTask.c:811:6:GetScheduleData	24	static
../User/Src/InTask.c:836:6:LoadScheduleData	24	static
../User/Src/InTask.c:870:6:SaveScheduleData	24	static
../User/Src/InTask.c:890:6:ResetDoorStatus	8	static
