../Drivers/CMSIS/Include/core_cm4.h:1933:34:__NVIC_SystemReset	4	static,ignoring_inline_asm
../User/Src/SPI1NetTask.c:52:6:SPI1NetTask	16	static
../User/Src/SPI1NetTask.c:142:6:TALEDControl	8	static
../User/Src/SPI1NetTask.c:159:6:EthernetCommunication	16	static
../User/Src/SPI1NetTask.c:188:7:UHSPacketCheck	48	static
../User/Src/SPI1NetTask.c:241:6:NetworkAlertProcess	8	static
../User/Src/SPI1NetTask.c:275:9:NetModuleCheck	4	static
../User/Src/SPI1NetTask.c:281:9:NetRJ45Check	8	static
../User/Src/SPI1NetTask.c:299:7:TAPacketCheck	16	static
../User/Src/SPI1NetTask.c:331:8:NetMessageCheck	32	static
../User/Src/SPI1NetTask.c:356:6:TAMakeServerPacking	8	static
../User/Src/SPI1NetTask.c:363:6:TAPacketAnalysis	4352	static
../User/Src/SPI1NetTask.c:1284:6:TATreatControl	16	static
../User/Src/SPI1NetTask.c:1317:7:TACheckJumperSetting	48	static
../User/Src/SPI1NetTask.c:1332:6:TAMakeResponsePacket	24	static
../User/Src/SPI1NetTask.c:1361:8:TAGetPacketLength	24	static
../User/Src/SPI1NetTask.c:1479:6:SetSSDPSendFireAlarm	4	static
../User/Src/SPI1NetTask.c:1486:6:SSDPReportMyMAC	4	static
../User/Src/SPI1NetTask.c:1499:6:SSDPReportMyIp	4	static
../User/Src/SPI1NetTask.c:1531:6:SSDPSetMyIp	8	static
../User/Src/SPI1NetTask.c:1562:6:UdpSetDNSServer	8	static
../User/Src/SPI1NetTask.c:1580:6:UdpServerProcess	16	static
../User/Src/SPI1NetTask.c:1720:7:UdpProcess	32	static
