../User/Src/vixExNorFlash.c:21:6:OPEN_ExNorFlash	16	static
../User/Src/vixExNorFlash.c:37:10:xWRITE_DataToExNorFlash	104	static
../User/Src/vixExNorFlash.c:91:10:xREAD_DataFromExNorFlash	104	static
../User/Src/vixExNorFlash.c:130:10:xOSPI_ResetFlash	112	static
../User/Src/vixExNorFlash.c:240:10:xOSPI_ReadChipID	96	static
../User/Src/vixExNorFlash.c:277:10:xOSPI_Config	104	static
../User/Src/vixExNorFlash.c:482:10:xOSPI_EraseChip	88	static
../User/Src/vixExNorFlash.c:531:10:xERASE_ExFlash64kBlock	104	static
../User/Src/vixExNorFlash.c:588:10:xERASE_ExFlash4kSector	104	static
../User/Src/vixExNorFlash.c:648:10:xOSPI_WriteEnable	120	static
../User/Src/vixExNorFlash.c:724:10:xOSPI_AutoPollingMemReady	120	static
../User/Src/vixExNorFlash.c:779:10:xOSPI_EnableMemoryMappedMode	104	static
../User/Src/vixExNorFlash.c:845:10:xMX25LM51245G_ReadCfgRegister	96	static
../User/Src/vixExNorFlash.c:892:10:xMX25LM51245G_ReadCfg2Register	104	static
../User/Src/vixExNorFlash.c:935:6:MX25LM51245G_GetFlashInfo	16	static
../User/Src/vixExNorFlash.c:951:6:TEST_ExNorFlash	8216	static
../User/Src/vixExNorFlash.c:1022:6:CREATE_ExNorFlashTest	4	static
../User/Src/vixExNorFlash.c:1036:6:HAL_OSPI_CmdCpltCallback	16	static
../User/Src/vixExNorFlash.c:1046:6:HAL_OSPI_RxCpltCallback	16	static
../User/Src/vixExNorFlash.c:1056:7:HAL_OSPI_TxCpltCallback	16	static
../User/Src/vixExNorFlash.c:1066:6:HAL_OSPI_ErrorCallback	16	static
